
> frontend@0.0.0 build
> tsc -b && vite build

src/components/AgentSettingsModal.tsx(7,24): error TS2307: Cannot find module '@/components/ui/switch' or its corresponding type declarations.
src/components/ChatInputShowcase.tsx(4,58): error TS6133: 'MessageSquare' is declared but its value is never read.
src/components/ChatInputShowcase.tsx(4,81): error TS6133: 'Command' is declared but its value is never read.
src/components/ChatInputShowcase.tsx(4,90): error TS6133: 'Bot' is declared but its value is never read.
src/components/ChatInputShowcase.tsx(4,95): error TS6133: 'Search' is declared but its value is never read.
src/components/ChatInputShowcase.tsx(8,12): error TS6133: 'selectedStyle' is declared but its value is never read.
src/components/ChatInputShowcase.tsx(8,27): error TS6133: 'setSelectedStyle' is declared but its value is never read.
src/components/FileTree.tsx(31,1): error TS6133: 'Input' is declared but its value is never read.
src/components/FileTree.tsx(45,5): error TS6133: 'defaultDropAnimationSideEffects' is declared but its value is never read.
src/components/FileTree.tsx(285,5): error TS6133: 'rootPath' is declared but its value is never read.
src/components/FileTree.tsx(324,15): error TS6133: 'activeNode' is declared but its value is never read.
src/components/GroupMembersPanel.tsx(5,1): error TS6133: 'Separator' is declared but its value is never read.
src/components/GroupMembersPanel.tsx(138,90): error TS2339: Property 'workflow_supervisor_prompt' does not exist on type 'GroupChat'.
src/components/RightPanel.tsx(7,1): error TS6192: All imports in import declaration are unused.
src/components/RightPanel.tsx(34,65): error TS6133: 'uploadFiles' is declared but its value is never read.
src/components/SessionHistoryModal.tsx(20,11): error TS6133: 'language' is declared but its value is never read.
src/components/SettingsModal.tsx(10,57): error TS2307: Cannot find module '@/components/ui/popover' or its corresponding type declarations.
src/components/SettingsModal.tsx(11,93): error TS2307: Cannot find module '@/components/ui/command' or its corresponding type declarations.
src/components/SettingsModal.tsx(82,26): error TS2304: Cannot find name 'useStore'.
src/components/SettingsModal.tsx(83,15): error TS2304: Cannot find name 'translations'.
src/components/ui/collapsible.tsx(12,30): error TS6133: 'setUncontrolledOpen' is declared but its value is never read.
src/components/WorkflowReviewPanel.tsx(26,21): error TS2322: Type '{ workflow: any; readOnly: true; }' is not assignable to type 'IntrinsicAttributes & WorkflowViewerProps'.
  Property 'readOnly' does not exist on type 'IntrinsicAttributes & WorkflowViewerProps'.
